2026-02-02 09:54:18 - *[RESULTADO x JACCARD]*Yerba ARMIÑO Clásica 1 Kg*Yerba Mate Armiño 1 Kg*66.666667*¡NO Match!
2026-02-02 09:54:18 - *[RESULTADO x JACCARD]*Yerba ARMIÑO Clásica 1 Kg*Yerba Armiño Suave 1.1 Kg*66.666667*¡NO Match!
2026-02-02 09:54:18 - *[RESULTADO x JACCARD]*Yerba ARMIÑO Clásica 1 Kg*Yerba Mate Armiño Suave 1 Kg*57.142857*¡NO Match!
2026-02-02 09:54:18 - *[RESULTADO x JACCARD]*Yerba ARMIÑO Clásica 1 Kg*Yerba Mate Compuesta Armiño 1 Kg*57.142857*¡NO Match!
2026-02-02 09:54:18 - *[CANTIDAD DIFERENTE]*Yerba ARMIÑO Clásica 500 gr*Yerba Mate Armiño 1 Kg*0*¡NO Match!
2026-02-02 09:54:18 - *[CANTIDAD DIFERENTE]*Yerba ARMIÑO Clásica 500 gr*Yerba Armiño Suave 1.1 Kg*0*¡NO Match!
2026-02-02 09:54:18 - *[RESULTADO x JACCARD]*Yerba ARMIÑO Compuesta 1 Kg*Yerba Mate Compuesta Armiño 1 Kg*83.333333*¡Match!
2026-02-02 09:54:18 - *[RESULTADO x JACCARD]*Yerba ARMIÑO Suave 1 Kg + 100 gr de Regalo*Yerba Armiño Suave 1.1 Kg*62.500000*¡NO Match!
2026-02-02 09:54:18 - *[RESULTADO x JACCARD]*Yerba ARMIÑO Suave 1 Kg + 100 gr de Regalo*Yerba Mate Armiño Suave 1 Kg*55.555556*¡NO Match!
2026-02-02 09:54:18 - *[RESULTADO x JACCARD]*Yerba ARMIÑO Suave 1 Kg + 100 gr de Regalo*Yerba Mate Armiño 1 Kg*44.444444*¡NO Match!
2026-02-02 09:54:18 - *[RESULTADO x JACCARD]*Antitranspirante en Aerosol V8 REXONA 250 ml*Desodorante En Aerosol Rexona Ap 250 Ml*44.444444*¡NO Match!
2026-02-02 09:54:18 - *[RESULTADO x JACCARD]*Dulce de Leche CONAPROLE Clásico 500 gr*Dulce De Leche Conaprole Común 500 G*71.428571*¡NO Match!
2026-02-02 09:54:18 - *[CANTIDAD DIFERENTE]*Dulce de Leche CONAPROLE Clásico 500 gr*Dulce De Leche Conaprole 250 G*0*¡NO Match!
2026-02-02 09:54:18 - *[CANTIDAD DIFERENTE]*Dulce de Leche CONAPROLE Clásico 500 gr*Dulce De Leche Conaprole Crema 250 G*0*¡NO Match!
2026-02-02 09:54:18 - *[CANTIDAD DIFERENTE]*Dulce de Leche CONAPROLE Clásico 500 gr*Dulce De Leche Conaprole Light 440 G*0*¡NO Match!
2026-02-02 09:54:18 - *[RESULTADO x JACCARD]*Dulce de Leche CONAPROLE 250 gr*Dulce De Leche Conaprole 250 G*100.000000*¡Match!
2026-02-02 09:54:18 - *[CANTIDAD DIFERENTE]*Helado Crema de Dulce de Leche con Granizado de Chocolate CONAPROLE 1 L*Dulce De Leche Conaprole Crema 250 G*0*¡NO Match!
2026-02-02 09:54:18 - *[CANTIDAD DIFERENTE]*Helado Crema de Dulce de Leche con Granizado de Chocolate CONAPROLE 1 L*Dulce De Leche Conaprole Común 500 G*0*¡NO Match!
2026-02-02 09:54:18 - *[CANTIDAD DIFERENTE]*Helado Crema de Dulce de Leche con Granizado de Chocolate CONAPROLE 1 L*Dulce De Leche Conaprole Light 440 G*0*¡NO Match!
2026-02-02 09:54:18 - *[RESULTADO x JACCARD]*Dulce Crema de Leche CONAPROLE 250gr*Dulce De Leche Conaprole Crema 250 G*100.000000*¡Match!
2026-02-02 09:54:18 - *[CATEGORIA DIFERENTE]*Dulce de Leche Dietetico CONAPROLE 440 gr*Dulce De Leche Conaprole Light 440 G*0*¡NO Match!
2026-02-02 09:54:18 - *[CANTIDAD DIFERENTE]*Dulce de Leche Dietetico CONAPROLE 440 gr*Dulce De Leche Conaprole Común 500 G*0*¡NO Match!
2026-02-02 09:54:18 - *[CANTIDAD DIFERENTE]*Helado sabor Dulce de Leche y Chocolate Tipo Holandés CONAPROLE Pote 2 L*Dulce De Leche Conaprole Común 500 G*0*¡NO Match!
2026-02-02 09:54:18 - *[CANTIDAD DIFERENTE]*Helado sabor Dulce de Leche y Chocolate Tipo Holandés CONAPROLE Pote 2 L*Dulce De Leche Conaprole Light 440 G*0*¡NO Match!
2026-02-02 09:54:18 - *[RESULTADO x JACCARD]*PAPAS LAYS RUSTICAS SAL 160GR*Papas Lays Rusticas Con Sal 160 g*100.000000*¡Match!
2026-02-02 09:54:18 - *[RESULTADO x JACCARD]*Yerba Armiño Clasica 1Kg*Yerba ARMIÑO Clásica 1 Kg*100.000000*¡Match!
2026-02-02 09:54:18 - *[RESULTADO x JACCARD]*Yerba Armiño Clasica 500Gr*Yerba ARMIÑO Clásica 500 gr*100.000000*¡Match!
2026-02-02 09:54:18 - *[RESULTADO x JACCARD]*Yerba Armiño Compuesta 1Kg*Yerba Mate Compuesta Armiño 1 Kg*83.333333*¡Match!
2026-02-02 09:54:18 - *[CANTIDAD DIFERENTE]*YERBA ARMIÑO SUAVE 1KG+100GR*Yerba Armiño Suave 1.1 Kg*0*¡NO Match!
2026-02-02 09:54:18 - *[CANTIDAD DIFERENTE]*YERBA ARMIÑO SUAVE 1KG+100GR*Yerba Mate Armiño Suave 1 Kg*0*¡NO Match!
2026-02-02 09:54:18 - *[CANTIDAD DIFERENTE]*YERBA ARMIÑO SUAVE 1KG+100GR*Yerba ARMIÑO Suave 1 Kg + 100 gr de Regalo*0*¡NO Match!
2026-02-02 09:54:18 - *[CANTIDAD DIFERENTE]*YERBA ARMIÑO SUAVE 1KG+100GR*Yerba Mate Armiño 1 Kg*0*¡NO Match!
2026-02-02 09:54:18 - *[RESULTADO x JACCARD]*Desodorante Rexona Men Ap V8 Aeresol 250Ml*Desodorante En Aerosol Rexona Ap 250 Ml*50.000000*¡NO Match!
2026-02-02 09:54:18 - *[RESULTADO x JACCARD]*Desodorante Rexona Men Ap V8 Aeresol 250Ml*Antitranspirante en Aerosol V8 REXONA 250 ml*45.454545*¡NO Match!
2026-02-02 09:54:18 - *[RESULTADO x JACCARD]*Dulce De Leche Conaprole 500Gr .*Dulce De Leche Conaprole Común 500 G*83.333333*¡Match!
2026-02-02 09:54:18 - *[RESULTADO x JACCARD]*Dulce De Leche Conaprole 250Gr .*Dulce De Leche Conaprole 250 G*100.000000*¡Match!
2026-02-02 09:54:18 - *[RESULTADO x JACCARD]*Helado Conaprole 1Lt  Dulce de leche Granizado*Helado Crema de Dulce de Leche con Granizado de Chocolate CONAPROLE 1 L*77.777778*¡Match!
2026-02-02 09:54:18 - *[RESULTADO x JACCARD]*Dulce De Leche Conaprole Crema 250Gr .*Dulce De Leche Conaprole Crema 250 G*100.000000*¡Match!
2026-02-02 09:54:18 - *[RESULTADO x JACCARD]*Dulce De Leche Conaprole Dietetico Vidrio 440Gr*Dulce de Leche Dietetico CONAPROLE 440 gr*85.714286*¡Match!
2026-02-02 09:54:18 - *[RESULTADO x JACCARD]*HELADO CONAPROLE 2Lt CHOCOLATE HOLANDES Y DULCE DE LECHE*Helado sabor Dulce de Leche y Chocolate Tipo Holandés CONAPROLE Pote 2 L*75.000000*¡NO Match!
2026-02-02 09:54:18 - *[CANTIDAD DIFERENTE]*HELADO CONAPROLE 2Lt CHOCOLATE HOLANDES Y DULCE DE LECHE*Dulce De Leche Conaprole Light 440 G*0*¡NO Match!
2026-02-02 09:54:18 - *[CANTIDAD DIFERENTE]*HELADO CONAPROLE 2Lt CHOCOLATE HOLANDES Y DULCE DE LECHE*Dulce de Leche CONAPROLE Clásico 500 gr*0*¡NO Match!
2026-02-02 09:54:18 - *[RESULTADO x JACCARD]*Papas fritas LAYS rusticas 160 G*Papas fritas LAYS rusticas 160 G*100.000000*¡Match!
2026-02-02 09:54:18 - *[RESULTADO x JACCARD]*Yerba ARMIÑO 1 kg*Yerba ARMIÑO 1 kg*100.000000*¡Match!
2026-02-02 09:54:18 - *[RESULTADO x JACCARD]*Yerba ARMIÑO suave 1 kg*Yerba ARMIÑO suave 1 kg*100.000000*¡Match!
2026-02-02 09:54:18 - *[RESULTADO x JACCARD]*Yerba ARMIÑO 500 g*Yerba ARMIÑO 500 g*100.000000*¡Match!
2026-02-02 09:54:18 - *[RESULTADO x JACCARD]*Yerba compuesta ARMIÑO 1 kg*Yerba compuesta ARMIÑO 1 kg*100.000000*¡Match!
2026-02-02 09:54:18 - *[RESULTADO x JACCARD]*Desodorante REXONA V8 Men 250 ml*Desodorante REXONA V8 Men 250 ml*100.000000*¡Match!
2026-02-02 09:54:18 - *[RESULTADO x JACCARD]*Desodorante REXONA Fanatics antitranspirante 105 g*Desodorante REXONA Fanatics antitranspirante 105 g*100.000000*¡Match!
2026-02-02 09:54:18 - *[RESULTADO x JACCARD]*Dulce de leche CONAPROLE 500 g*Dulce de leche CONAPROLE 500 g*100.000000*¡Match!
2026-02-02 09:54:18 - *[RESULTADO x JACCARD]*Dulce de leche CONAPROLE 250 g*Dulce de leche CONAPROLE 250 g*100.000000*¡Match!
2026-02-02 09:54:18 - *[RESULTADO x JACCARD]*Helado CONAPROLE dulce de leche granizado 1 L*Helado CONAPROLE dulce de leche granizado 1 L*100.000000*¡Match!
2026-02-02 09:54:18 - *[RESULTADO x JACCARD]*Dulce crema de leche CONAPROLE 250 g*Dulce crema de leche CONAPROLE 250 g*100.000000*¡Match!
2026-02-02 09:54:18 - *[RESULTADO x JACCARD]*Dulce de leche CONAPROLE dietético 0% 440 g*Dulce de leche CONAPROLE dietético 0% 440 g*100.000000*¡Match!
2026-02-02 09:54:18 - *[RESULTADO x JACCARD]*Helado CONAPROLE chocolate holandés y dulce de leche 2 L*Helado CONAPROLE chocolate holandés y dulce de leche 2 L*100.000000*¡Match!
2026-02-02 10:48:39 - *[RESULTADO x JACCARD]*Yerba ARMIÑO Clásica 1 Kg*Yerba Mate Armiño 1 Kg*66.666667*¡NO Match!
2026-02-02 10:48:39 - *[RESULTADO x JACCARD]*Yerba ARMIÑO Clásica 1 Kg*Yerba Armiño Suave 1.1 Kg*66.666667*¡NO Match!
2026-02-02 10:48:39 - *[RESULTADO x JACCARD]*Yerba ARMIÑO Clásica 1 Kg*Yerba Mate Armiño Suave 1 Kg*57.142857*¡NO Match!
2026-02-02 10:48:39 - *[RESULTADO x JACCARD]*Yerba ARMIÑO Clásica 1 Kg*Yerba Mate Compuesta Armiño 1 Kg*57.142857*¡NO Match!
2026-02-02 10:48:39 - *[CANTIDAD DIFERENTE]*Yerba ARMIÑO Clásica 500 gr*Yerba Mate Armiño 1 Kg*0*¡NO Match!
2026-02-02 10:48:39 - *[CANTIDAD DIFERENTE]*Yerba ARMIÑO Clásica 500 gr*Yerba Armiño Suave 1.1 Kg*0*¡NO Match!
2026-02-02 10:48:39 - *[RESULTADO x JACCARD]*Yerba ARMIÑO Compuesta 1 Kg*Yerba Mate Compuesta Armiño 1 Kg*83.333333*¡Match!
2026-02-02 10:48:39 - *[RESULTADO x JACCARD]*Yerba ARMIÑO Suave 1 Kg + 100 gr de Regalo*Yerba Armiño Suave 1.1 Kg*62.500000*¡NO Match!
2026-02-02 10:48:39 - *[RESULTADO x JACCARD]*Yerba ARMIÑO Suave 1 Kg + 100 gr de Regalo*Yerba Mate Armiño Suave 1 Kg*55.555556*¡NO Match!
2026-02-02 10:48:39 - *[RESULTADO x JACCARD]*Yerba ARMIÑO Suave 1 Kg + 100 gr de Regalo*Yerba Mate Armiño 1 Kg*44.444444*¡NO Match!
2026-02-02 10:48:39 - *[RESULTADO x JACCARD]*Antitranspirante en Aerosol V8 REXONA 250 ml*Desodorante En Aerosol Rexona Ap 250 Ml*44.444444*¡NO Match!
2026-02-02 10:48:39 - *[RESULTADO x JACCARD]*Dulce de Leche CONAPROLE Clásico 500 gr*Dulce De Leche Conaprole Común 500 G*71.428571*¡NO Match!
2026-02-02 10:48:39 - *[CANTIDAD DIFERENTE]*Dulce de Leche CONAPROLE Clásico 500 gr*Dulce De Leche Conaprole 250 G*0*¡NO Match!
2026-02-02 10:48:39 - *[CANTIDAD DIFERENTE]*Dulce de Leche CONAPROLE Clásico 500 gr*Dulce De Leche Conaprole Crema 250 G*0*¡NO Match!
2026-02-02 10:48:39 - *[CANTIDAD DIFERENTE]*Dulce de Leche CONAPROLE Clásico 500 gr*Dulce De Leche Conaprole Light 440 G*0*¡NO Match!
2026-02-02 10:48:39 - *[RESULTADO x JACCARD]*Dulce de Leche CONAPROLE 250 gr*Dulce De Leche Conaprole 250 G*100.000000*¡Match!
2026-02-02 10:48:39 - *[CANTIDAD DIFERENTE]*Helado Crema de Dulce de Leche con Granizado de Chocolate CONAPROLE 1 L*Dulce De Leche Conaprole Crema 250 G*0*¡NO Match!
2026-02-02 10:48:39 - *[CANTIDAD DIFERENTE]*Helado Crema de Dulce de Leche con Granizado de Chocolate CONAPROLE 1 L*Dulce De Leche Conaprole Común 500 G*0*¡NO Match!
2026-02-02 10:48:39 - *[CANTIDAD DIFERENTE]*Helado Crema de Dulce de Leche con Granizado de Chocolate CONAPROLE 1 L*Dulce De Leche Conaprole Light 440 G*0*¡NO Match!
2026-02-02 10:48:39 - *[RESULTADO x JACCARD]*Dulce Crema de Leche CONAPROLE 250gr*Dulce De Leche Conaprole Crema 250 G*100.000000*¡Match!
2026-02-02 10:48:39 - *[CATEGORIA DIFERENTE]*Dulce de Leche Dietetico CONAPROLE 440 gr*Dulce De Leche Conaprole Light 440 G*0*¡NO Match!
2026-02-02 10:48:39 - *[CANTIDAD DIFERENTE]*Dulce de Leche Dietetico CONAPROLE 440 gr*Dulce De Leche Conaprole Común 500 G*0*¡NO Match!
2026-02-02 10:48:39 - *[CANTIDAD DIFERENTE]*Helado sabor Dulce de Leche y Chocolate Tipo Holandés CONAPROLE Pote 2 L*Dulce De Leche Conaprole Común 500 G*0*¡NO Match!
2026-02-02 10:48:39 - *[CANTIDAD DIFERENTE]*Helado sabor Dulce de Leche y Chocolate Tipo Holandés CONAPROLE Pote 2 L*Dulce De Leche Conaprole Light 440 G*0*¡NO Match!
2026-02-02 10:48:39 - *[RESULTADO x JACCARD]*PAPAS LAYS RUSTICAS SAL 160GR*Papas Lays Rusticas Con Sal 160 g*100.000000*¡Match!
2026-02-02 10:48:39 - *[RESULTADO x JACCARD]*Yerba Armiño Clasica 1Kg*Yerba ARMIÑO Clásica 1 Kg*100.000000*¡Match!
2026-02-02 10:48:39 - *[RESULTADO x JACCARD]*Yerba Armiño Clasica 500Gr*Yerba ARMIÑO Clásica 500 gr*100.000000*¡Match!
2026-02-02 10:48:39 - *[RESULTADO x JACCARD]*Yerba Armiño Compuesta 1Kg*Yerba Mate Compuesta Armiño 1 Kg*83.333333*¡Match!
2026-02-02 10:48:39 - *[CANTIDAD DIFERENTE]*YERBA ARMIÑO SUAVE 1KG+100GR*Yerba Armiño Suave 1.1 Kg*0*¡NO Match!
2026-02-02 10:48:39 - *[CANTIDAD DIFERENTE]*YERBA ARMIÑO SUAVE 1KG+100GR*Yerba Mate Armiño Suave 1 Kg*0*¡NO Match!
2026-02-02 10:48:39 - *[CANTIDAD DIFERENTE]*YERBA ARMIÑO SUAVE 1KG+100GR*Yerba ARMIÑO Suave 1 Kg + 100 gr de Regalo*0*¡NO Match!
2026-02-02 10:48:39 - *[CANTIDAD DIFERENTE]*YERBA ARMIÑO SUAVE 1KG+100GR*Yerba Mate Armiño 1 Kg*0*¡NO Match!
2026-02-02 10:48:39 - *[RESULTADO x JACCARD]*Desodorante Rexona Men Ap V8 Aeresol 250Ml*Desodorante En Aerosol Rexona Ap 250 Ml*50.000000*¡NO Match!
2026-02-02 10:48:39 - *[RESULTADO x JACCARD]*Desodorante Rexona Men Ap V8 Aeresol 250Ml*Antitranspirante en Aerosol V8 REXONA 250 ml*45.454545*¡NO Match!
2026-02-02 10:48:39 - *[RESULTADO x JACCARD]*Dulce De Leche Conaprole 500Gr .*Dulce De Leche Conaprole Común 500 G*83.333333*¡Match!
2026-02-02 10:48:39 - *[RESULTADO x JACCARD]*Dulce De Leche Conaprole 250Gr .*Dulce De Leche Conaprole 250 G*100.000000*¡Match!
2026-02-02 10:48:39 - *[RESULTADO x JACCARD]*Helado Conaprole 1Lt  Dulce de leche Granizado*Helado Crema de Dulce de Leche con Granizado de Chocolate CONAPROLE 1 L*77.777778*¡Match!
2026-02-02 10:48:39 - *[RESULTADO x JACCARD]*Dulce De Leche Conaprole Crema 250Gr .*Dulce De Leche Conaprole Crema 250 G*100.000000*¡Match!
2026-02-02 10:48:39 - *[RESULTADO x JACCARD]*Dulce De Leche Conaprole Dietetico Vidrio 440Gr*Dulce de Leche Dietetico CONAPROLE 440 gr*85.714286*¡Match!
2026-02-02 10:48:39 - *[RESULTADO x JACCARD]*HELADO CONAPROLE 2Lt CHOCOLATE HOLANDES Y DULCE DE LECHE*Helado sabor Dulce de Leche y Chocolate Tipo Holandés CONAPROLE Pote 2 L*75.000000*¡NO Match!
2026-02-02 10:48:39 - *[CANTIDAD DIFERENTE]*HELADO CONAPROLE 2Lt CHOCOLATE HOLANDES Y DULCE DE LECHE*Dulce De Leche Conaprole Light 440 G*0*¡NO Match!
2026-02-02 10:48:39 - *[CANTIDAD DIFERENTE]*HELADO CONAPROLE 2Lt CHOCOLATE HOLANDES Y DULCE DE LECHE*Dulce de Leche CONAPROLE Clásico 500 gr*0*¡NO Match!
2026-02-02 10:48:39 - *[RESULTADO x JACCARD]*Papas fritas LAYS rusticas 160 G*Papas fritas LAYS rusticas 160 G*100.000000*¡Match!
2026-02-02 10:48:39 - *[RESULTADO x JACCARD]*Yerba ARMIÑO 1 kg*Yerba ARMIÑO 1 kg*100.000000*¡Match!
2026-02-02 10:48:39 - *[RESULTADO x JACCARD]*Yerba ARMIÑO suave 1 kg*Yerba ARMIÑO suave 1 kg*100.000000*¡Match!
2026-02-02 10:48:39 - *[RESULTADO x JACCARD]*Yerba ARMIÑO 500 g*Yerba ARMIÑO 500 g*100.000000*¡Match!
2026-02-02 10:48:39 - *[RESULTADO x JACCARD]*Yerba compuesta ARMIÑO 1 kg*Yerba compuesta ARMIÑO 1 kg*100.000000*¡Match!
2026-02-02 10:48:39 - *[RESULTADO x JACCARD]*Desodorante REXONA V8 Men 250 ml*Desodorante REXONA V8 Men 250 ml*100.000000*¡Match!
2026-02-02 10:48:39 - *[RESULTADO x JACCARD]*Desodorante REXONA Fanatics antitranspirante 105 g*Desodorante REXONA Fanatics antitranspirante 105 g*100.000000*¡Match!
2026-02-02 10:48:39 - *[RESULTADO x JACCARD]*Dulce de leche CONAPROLE 500 g*Dulce de leche CONAPROLE 500 g*100.000000*¡Match!
2026-02-02 10:48:39 - *[RESULTADO x JACCARD]*Dulce de leche CONAPROLE 250 g*Dulce de leche CONAPROLE 250 g*100.000000*¡Match!
2026-02-02 10:48:39 - *[RESULTADO x JACCARD]*Helado CONAPROLE dulce de leche granizado 1 L*Helado CONAPROLE dulce de leche granizado 1 L*100.000000*¡Match!
2026-02-02 10:48:39 - *[RESULTADO x JACCARD]*Dulce crema de leche CONAPROLE 250 g*Dulce crema de leche CONAPROLE 250 g*100.000000*¡Match!
2026-02-02 10:48:39 - *[RESULTADO x JACCARD]*Dulce de leche CONAPROLE dietético 0% 440 g*Dulce de leche CONAPROLE dietético 0% 440 g*100.000000*¡Match!
2026-02-02 10:48:39 - *[RESULTADO x JACCARD]*Helado CONAPROLE chocolate holandés y dulce de leche 2 L*Helado CONAPROLE chocolate holandés y dulce de leche 2 L*100.000000*¡Match!
2026-02-02 11:03:37 - *[RESULTADO x JACCARD]*Yerba ARMIÑO Clásica 1 Kg*Yerba Mate Armiño 1 Kg*66.666667*¡NO Match!
2026-02-02 11:03:37 - *[RESULTADO x JACCARD]*Yerba ARMIÑO Clásica 1 Kg*Yerba Armiño Suave 1.1 Kg*66.666667*¡NO Match!
2026-02-02 11:03:37 - *[RESULTADO x JACCARD]*Yerba ARMIÑO Clásica 1 Kg*Yerba Mate Armiño Suave 1 Kg*57.142857*¡NO Match!
2026-02-02 11:03:37 - *[RESULTADO x JACCARD]*Yerba ARMIÑO Clásica 1 Kg*Yerba Mate Compuesta Armiño 1 Kg*57.142857*¡NO Match!
2026-02-02 11:03:37 - *[CANTIDAD DIFERENTE]*Yerba ARMIÑO Clásica 500 gr*Yerba Mate Armiño 1 Kg*0*¡NO Match!
2026-02-02 11:03:37 - *[CANTIDAD DIFERENTE]*Yerba ARMIÑO Clásica 500 gr*Yerba Armiño Suave 1.1 Kg*0*¡NO Match!
2026-02-02 11:03:37 - *[RESULTADO x JACCARD]*Yerba ARMIÑO Compuesta 1 Kg*Yerba Mate Compuesta Armiño 1 Kg*83.333333*¡Match!
2026-02-02 11:03:37 - *[RESULTADO x JACCARD]*Yerba ARMIÑO Suave 1 Kg + 100 gr de Regalo*Yerba Armiño Suave 1.1 Kg*62.500000*¡NO Match!
2026-02-02 11:03:37 - *[RESULTADO x JACCARD]*Yerba ARMIÑO Suave 1 Kg + 100 gr de Regalo*Yerba Mate Armiño Suave 1 Kg*55.555556*¡NO Match!
2026-02-02 11:03:37 - *[RESULTADO x JACCARD]*Yerba ARMIÑO Suave 1 Kg + 100 gr de Regalo*Yerba Mate Armiño 1 Kg*44.444444*¡NO Match!
2026-02-02 11:03:37 - *[RESULTADO x JACCARD]*Antitranspirante en Aerosol V8 REXONA 250 ml*Desodorante En Aerosol Rexona Ap 250 Ml*44.444444*¡NO Match!
2026-02-02 11:03:37 - *[RESULTADO x JACCARD]*Dulce de Leche CONAPROLE Clásico 500 gr*Dulce De Leche Conaprole Común 500 G*71.428571*¡NO Match!
2026-02-02 11:03:37 - *[CANTIDAD DIFERENTE]*Dulce de Leche CONAPROLE Clásico 500 gr*Dulce De Leche Conaprole 250 G*0*¡NO Match!
2026-02-02 11:03:37 - *[CANTIDAD DIFERENTE]*Dulce de Leche CONAPROLE Clásico 500 gr*Dulce De Leche Conaprole Crema 250 G*0*¡NO Match!
2026-02-02 11:03:37 - *[CANTIDAD DIFERENTE]*Dulce de Leche CONAPROLE Clásico 500 gr*Dulce De Leche Conaprole Light 440 G*0*¡NO Match!
2026-02-02 11:03:37 - *[RESULTADO x JACCARD]*Dulce de Leche CONAPROLE 250 gr*Dulce De Leche Conaprole 250 G*100.000000*¡Match!
2026-02-02 11:03:37 - *[CANTIDAD DIFERENTE]*Helado Crema de Dulce de Leche con Granizado de Chocolate CONAPROLE 1 L*Dulce De Leche Conaprole Crema 250 G*0*¡NO Match!
2026-02-02 11:03:37 - *[CANTIDAD DIFERENTE]*Helado Crema de Dulce de Leche con Granizado de Chocolate CONAPROLE 1 L*Dulce De Leche Conaprole Común 500 G*0*¡NO Match!
2026-02-02 11:03:37 - *[CANTIDAD DIFERENTE]*Helado Crema de Dulce de Leche con Granizado de Chocolate CONAPROLE 1 L*Dulce De Leche Conaprole Light 440 G*0*¡NO Match!
2026-02-02 11:03:37 - *[RESULTADO x JACCARD]*Dulce Crema de Leche CONAPROLE 250gr*Dulce De Leche Conaprole Crema 250 G*100.000000*¡Match!
2026-02-02 11:03:37 - *[CATEGORIA DIFERENTE]*Dulce de Leche Dietetico CONAPROLE 440 gr*Dulce De Leche Conaprole Light 440 G*0*¡NO Match!
2026-02-02 11:03:37 - *[CANTIDAD DIFERENTE]*Dulce de Leche Dietetico CONAPROLE 440 gr*Dulce De Leche Conaprole Común 500 G*0*¡NO Match!
2026-02-02 11:03:37 - *[CANTIDAD DIFERENTE]*Helado sabor Dulce de Leche y Chocolate Tipo Holandés CONAPROLE Pote 2 L*Dulce De Leche Conaprole Común 500 G*0*¡NO Match!
2026-02-02 11:03:37 - *[CANTIDAD DIFERENTE]*Helado sabor Dulce de Leche y Chocolate Tipo Holandés CONAPROLE Pote 2 L*Dulce De Leche Conaprole Light 440 G*0*¡NO Match!
2026-02-02 11:03:37 - *[RESULTADO x JACCARD]*PAPAS LAYS RUSTICAS SAL 160GR*Papas Lays Rusticas Con Sal 160 g*100.000000*¡Match!
2026-02-02 11:03:37 - *[RESULTADO x JACCARD]*Yerba Armiño Clasica 1Kg*Yerba ARMIÑO Clásica 1 Kg*100.000000*¡Match!
2026-02-02 11:03:37 - *[RESULTADO x JACCARD]*Yerba Armiño Clasica 500Gr*Yerba ARMIÑO Clásica 500 gr*100.000000*¡Match!
2026-02-02 11:03:37 - *[RESULTADO x JACCARD]*Yerba Armiño Compuesta 1Kg*Yerba Mate Compuesta Armiño 1 Kg*83.333333*¡Match!
2026-02-02 11:03:37 - *[CANTIDAD DIFERENTE]*YERBA ARMIÑO SUAVE 1KG+100GR*Yerba Armiño Suave 1.1 Kg*0*¡NO Match!
2026-02-02 11:03:37 - *[CANTIDAD DIFERENTE]*YERBA ARMIÑO SUAVE 1KG+100GR*Yerba Mate Armiño Suave 1 Kg*0*¡NO Match!
2026-02-02 11:03:37 - *[CANTIDAD DIFERENTE]*YERBA ARMIÑO SUAVE 1KG+100GR*Yerba ARMIÑO Suave 1 Kg + 100 gr de Regalo*0*¡NO Match!
2026-02-02 11:03:37 - *[CANTIDAD DIFERENTE]*YERBA ARMIÑO SUAVE 1KG+100GR*Yerba Mate Armiño 1 Kg*0*¡NO Match!
2026-02-02 11:03:37 - *[RESULTADO x JACCARD]*Desodorante Rexona Men Ap V8 Aeresol 250Ml*Desodorante En Aerosol Rexona Ap 250 Ml*50.000000*¡NO Match!
2026-02-02 11:03:37 - *[RESULTADO x JACCARD]*Desodorante Rexona Men Ap V8 Aeresol 250Ml*Antitranspirante en Aerosol V8 REXONA 250 ml*45.454545*¡NO Match!
2026-02-02 11:03:37 - *[RESULTADO x JACCARD]*Dulce De Leche Conaprole 500Gr .*Dulce De Leche Conaprole Común 500 G*83.333333*¡Match!
2026-02-02 11:03:37 - *[RESULTADO x JACCARD]*Dulce De Leche Conaprole 250Gr .*Dulce De Leche Conaprole 250 G*100.000000*¡Match!
2026-02-02 11:03:37 - *[RESULTADO x JACCARD]*Helado Conaprole 1Lt  Dulce de leche Granizado*Helado Crema de Dulce de Leche con Granizado de Chocolate CONAPROLE 1 L*77.777778*¡Match!
2026-02-02 11:03:37 - *[RESULTADO x JACCARD]*Dulce De Leche Conaprole Crema 250Gr .*Dulce De Leche Conaprole Crema 250 G*100.000000*¡Match!
2026-02-02 11:03:37 - *[RESULTADO x JACCARD]*Dulce De Leche Conaprole Dietetico Vidrio 440Gr*Dulce de Leche Dietetico CONAPROLE 440 gr*85.714286*¡Match!
2026-02-02 11:03:37 - *[RESULTADO x JACCARD]*HELADO CONAPROLE 2Lt CHOCOLATE HOLANDES Y DULCE DE LECHE*Helado sabor Dulce de Leche y Chocolate Tipo Holandés CONAPROLE Pote 2 L*75.000000*¡NO Match!
2026-02-02 11:03:37 - *[CANTIDAD DIFERENTE]*HELADO CONAPROLE 2Lt CHOCOLATE HOLANDES Y DULCE DE LECHE*Dulce De Leche Conaprole Light 440 G*0*¡NO Match!
2026-02-02 11:03:37 - *[CANTIDAD DIFERENTE]*HELADO CONAPROLE 2Lt CHOCOLATE HOLANDES Y DULCE DE LECHE*Dulce de Leche CONAPROLE Clásico 500 gr*0*¡NO Match!
2026-02-02 11:03:38 - *[RESULTADO x JACCARD]*Papas fritas LAYS rusticas 160 G*Papas fritas LAYS rusticas 160 G*100.000000*¡Match!
2026-02-02 11:03:38 - *[RESULTADO x JACCARD]*Yerba ARMIÑO 1 kg*Yerba ARMIÑO 1 kg*100.000000*¡Match!
2026-02-02 11:03:38 - *[RESULTADO x JACCARD]*Yerba ARMIÑO suave 1 kg*Yerba ARMIÑO suave 1 kg*100.000000*¡Match!
2026-02-02 11:03:38 - *[RESULTADO x JACCARD]*Yerba ARMIÑO 500 g*Yerba ARMIÑO 500 g*100.000000*¡Match!
2026-02-02 11:03:38 - *[RESULTADO x JACCARD]*Yerba compuesta ARMIÑO 1 kg*Yerba compuesta ARMIÑO 1 kg*100.000000*¡Match!
2026-02-02 11:03:38 - *[RESULTADO x JACCARD]*Desodorante REXONA V8 Men 250 ml*Desodorante REXONA V8 Men 250 ml*100.000000*¡Match!
2026-02-02 11:03:38 - *[RESULTADO x JACCARD]*Desodorante REXONA Fanatics antitranspirante 105 g*Desodorante REXONA Fanatics antitranspirante 105 g*100.000000*¡Match!
2026-02-02 11:03:38 - *[RESULTADO x JACCARD]*Dulce de leche CONAPROLE 500 g*Dulce de leche CONAPROLE 500 g*100.000000*¡Match!
2026-02-02 11:03:38 - *[RESULTADO x JACCARD]*Dulce de leche CONAPROLE 250 g*Dulce de leche CONAPROLE 250 g*100.000000*¡Match!
2026-02-02 11:03:38 - *[RESULTADO x JACCARD]*Helado CONAPROLE dulce de leche granizado 1 L*Helado CONAPROLE dulce de leche granizado 1 L*100.000000*¡Match!
2026-02-02 11:03:38 - *[RESULTADO x JACCARD]*Dulce crema de leche CONAPROLE 250 g*Dulce crema de leche CONAPROLE 250 g*100.000000*¡Match!
2026-02-02 11:03:38 - *[RESULTADO x JACCARD]*Dulce de leche CONAPROLE dietético 0% 440 g*Dulce de leche CONAPROLE dietético 0% 440 g*100.000000*¡Match!
2026-02-02 11:03:38 - *[RESULTADO x JACCARD]*Helado CONAPROLE chocolate holandés y dulce de leche 2 L*Helado CONAPROLE chocolate holandés y dulce de leche 2 L*100.000000*¡Match!
